                                LIQUIDACION DIARIA DE VENTAS POR TURNO
          FECHA: 2011-11-15 14:23:34PM                                

          REPRESENTANTE DE VENTAS                 RICCE, LAURA                  
          ESPECIES VALORADAS UTILIZADAS      Serie        Del          Al         Cant       Corte   
          Boleto de Viaje                       999      0000345      0000347            3            0

          Reg Tip.Cambio (US$ a S/.)                    0.00
          Registro Efectivo Dolares                     0.00
          Registro Efectivo Soles                     229.00
          ------------------------                 ---------
          T.Efectivo (Soles y Dolares)                229.00
          Mont.Cobrado T.(VOUCHER)                      0.00

          DETALLE DE LIQUIDACION        
          VENTA DE PASAJES              
          Tipo                                      Cantidad               Monto
          Venta al Contado                                 3              229.00
          Cortesia                                         0                0.00
          Prepagados                                       0                0.00
          Creditos                                         0                0.00
          ------------------------                 ---------
          Total                                            3              229.00

          GIROS                         
                                                    Cantidad            T. Giros           T. Fletes
          Total Recibido                                   0                0.00                0.00

          OTROS INGRESOS                
          Recibos de Caja Prepagados                Cantidad               Monto
          Total                                            0                0.00

          EGRESOS                       
          Concepto                                  Cantidad               Monto
          Gastos Varios                                   --                0.00
          Peajes                                           0                0.00
          Giros Remitidos                                  0                0.00
          Pago de Giros                                    0                0.00
          ------------------------                 ---------
          Total                                            0                0.00

          DEVOLUCIONES                  
          Nro Documento                             Cantidad               Monto
          Dev.Pasajes 80 y 100                             0                0.00
          Dev. Encomiendas, Giros                          0                0.00
          ------------------------                 ---------
          Total                                            0                0.00

          SALDO A ENTREGAR                                                229.00
          DIFERENCIA                                                        0.00

          LAURA RICCE                   
          2011-11-15 14:23:34PM         